Microchip MPLAB XC8 Compiler V1.32 ()

Linker command line:

--edf=C:\Program Files\Microchip\xc8\v1.32\dat\en_msgs.txt -cs \
  -h+dist/default/production\Heat_Recovery.X.production.sym \
  --cmf=dist/default/production\Heat_Recovery.X.production.cmf -z -Q16F1783 \
  -oC:\Users\shanew\AppData\Local\Temp\s3i0.6 \
  -Mdist/default/production/Heat_Recovery.X.production.map -E1 -ver=XC8 \
  -ASTACK=0209Fh-021efh -pstack=STACK -ACONST=00h-0FFhx16 \
  -ACODE=00h-07FFhx2 -ASTRCODE=00h-0FFFh -AENTRY=00h-0FFhx16 \
  -ASTRING=00h-0FFhx16 -ACOMMON=070h-07Fh -ABANK0=020h-06Fh \
  -ABANK1=0A0h-0EFh -ABANK2=0120h-016Fh -ABANK3=01A0h-01EFh \
  -ABANK4=0220h-026Fh -ABANK5=02A0h-02EFh -ABANK6=0320h-032Fh \
  -ABIGRAM=02000h-021EFh \
  -ARAM=020h-06Fh,0A0h-0EFh,0120h-016Fh,01A0h-01EFh,0220h-026Fh,02A0h-02EFh,0320h-032Fh \
  -AABS1=020h-07Fh,0A0h-0EFh,0120h-016Fh,01A0h-01EFh,0220h-026Fh,02A0h-02EFh,0320h-032Fh \
  -ASFR0=00h-01Fh -ASFR1=080h-09Fh -ASFR2=0100h-011Fh -ASFR3=0180h-019Fh \
  -ASFR4=0200h-021Fh -ASFR5=0280h-029Fh -ASFR6=0300h-031Fh \
  -ASFR7=0380h-03EFh -ASFR8=0400h-046Fh -ASFR9=0480h-04EFh \
  -ASFR10=0500h-056Fh -ASFR11=0580h-05EFh -ASFR12=0600h-066Fh \
  -ASFR13=0680h-06EFh -ASFR14=0700h-076Fh -ASFR15=0780h-07EFh \
  -ASFR16=0800h-086Fh -ASFR17=0880h-08EFh -ASFR18=0900h-096Fh \
  -ASFR19=0980h-09EFh -ASFR20=0A00h-0A6Fh -ASFR21=0A80h-0AEFh \
  -ASFR22=0B00h-0B6Fh -ASFR23=0B80h-0BEFh -ASFR24=0C00h-0C6Fh \
  -ASFR25=0C80h-0CEFh -ASFR26=0D00h-0D6Fh -ASFR27=0D80h-0DEFh \
  -ASFR28=0E00h-0E6Fh -ASFR29=0E80h-0EEFh -ASFR30=0F00h-0F6Fh \
  -ASFR31=0F80h-0FEFh -preset_vec=00h,intentry=04h,init,end_init \
  -ppowerup=CODE -pcinit=CODE -pfunctab=CODE -ACONFIG=08007h-08008h \
  -pconfig=CONFIG -DCONFIG=2 -AIDLOC=08000h-08003h -pidloc=IDLOC -DIDLOC=2 \
  -AEEDATA=00h-0FFh/0F000h -peeprom_data=EEDATA -DEEDATA=2 -DCODE=2 \
  -DSTRCODE=2 -DSTRING=2 -DCONST=2 -DENTRY=2 -k \
  C:\Users\shanew\AppData\Local\Temp\s3i0.obj \
  dist/default/production\Heat_Recovery.X.production.obj 

Object code version is 3.11

Machine type is 16F1783



                Name                               Link     Load   Length Selector   Space Scale
C:\Users\shanew\AppData\Local\Temp\s3i0.obj
                end_init                             AB       AB        2        8       0
                reset_vec                             0        0        2        0       0
                config                             8007     8007        2    1000E       0
dist/default/production\Heat_Recovery.X.production.obj
                cinit                                AD       AD       27        8       0
                intentry                              4        4       A7        8       0
                text26                              E5B      E5B       1E     1CB6       0
                text24                              6D1      6D1       59        8       0
                text23                              E07      E07        A     1C0E       0
                text22                              45F      45F       A4        8       0
                text21                              E31      E31       13     1C62       0
                text20                              619      619       5E        8       0
                text19                              E44      E44       17     1C88       0
                text18                              E97      E97       28     1D2E       0
                text17                              72A      72A       54        8       0
                text16                              FAF      FAF       51     1F5E       0
                swtext2                             832      832        E     1048       0
                text15                              503      503       8E        8       0
                swtext1                             824      824        E     1048       0
                text14                              591      591       88        8       0
                text13                              3B4      3B4       AB        8       0
                text12                              E00      E00        7     1C00       0
                text11                              677      677       5A        8       0
                text10                              E79      E79       1E     1CF2       0
                text9                               F26      F26       41     1E4C       0
                text8                               F67      F67       48     1ECE       0
                text7                               E1F      E1F       12     1C3E       0
                text6                               77E      77E       53        8       0
                text5                               EBF      EBF       30     1D7E       0
                text4                               E11      E11        E     1C22       0
                text3                               EEF      EEF       37     1DDE       0
                text2                               7D1      7D1       2F        8       0
                text1                               2E1      2E1       D3        8       0
                maintext                             D4       D4      20D        8       0
                cstackBANK0                          20       20       36       20       1
                cstackCOMMON                         70       70        A       70       1
                clrtext                             DFA      DFA        6     1BF4       0
                bssBANK1                             A0       A0       4F       A0       1
                dataBANK0                            6C       6C        4       20       1
                bssBANK0                             56       56       16       20       1
                bssCOMMON                            7A       7A        4       70       1
                stringtext                          800      800       24       10       0
                idataBANK0                          DF6      DF6        4     1BEC       0

TOTAL           Name                               Link     Load   Length     Space
        CLASS   STACK          

        CLASS   CONST          
                swtext2                             832      832        E         0
                swtext1                             824      824        E         0

        CLASS   CODE           
                end_init                             AB       AB        2         0
                cinit                                AD       AD       27         0
                intentry                              4        4       A7         0
                reset_vec                             0        0        2         0
                text26                              E5B      E5B       1E         0
                text24                              6D1      6D1       59         0
                text23                              E07      E07        A         0
                text22                              45F      45F       A4         0
                text21                              E31      E31       13         0
                text20                              619      619       5E         0
                text19                              E44      E44       17         0
                text18                              E97      E97       28         0
                text17                              72A      72A       54         0
                text16                              FAF      FAF       51         0
                text15                              503      503       8E         0
                text14                              591      591       88         0
                text13                              3B4      3B4       AB         0
                text12                              E00      E00        7         0
                text11                              677      677       5A         0
                text10                              E79      E79       1E         0
                text9                               F26      F26       41         0
                text8                               F67      F67       48         0
                text7                               E1F      E1F       12         0
                text6                               77E      77E       53         0
                text5                               EBF      EBF       30         0
                text4                               E11      E11        E         0
                text3                               EEF      EEF       37         0
                text2                               7D1      7D1       2F         0
                text1                               2E1      2E1       D3         0
                maintext                             D4       D4      20D         0
                clrtext                             DFA      DFA        6         0
                idataBANK0                          DF6      DF6        4         0

        CLASS   STRCODE        
                stringtext                          800      800       24         0

        CLASS   ENTRY          

        CLASS   STRING         

        CLASS   COMMON         
                cstackCOMMON                         70       70        A         1
                bssCOMMON                            7A       7A        4         1

        CLASS   BANK0          
                cstackBANK0                          20       20       36         1
                dataBANK0                            6C       6C        4         1
                bssBANK0                             56       56       16         1

        CLASS   BANK1          
                bssBANK1                             A0       A0       4F         1

        CLASS   BANK2          

        CLASS   BANK3          

        CLASS   BANK4          

        CLASS   BANK5          

        CLASS   BANK6          

        CLASS   BIGRAM         

        CLASS   RAM            

        CLASS   ABS1           
                abs_s1                               7E       7E        2         1

        CLASS   SFR0           

        CLASS   SFR1           

        CLASS   SFR2           

        CLASS   SFR3           

        CLASS   SFR4           

        CLASS   SFR5           

        CLASS   SFR6           

        CLASS   SFR7           

        CLASS   SFR8           

        CLASS   SFR9           

        CLASS   SFR10          

        CLASS   SFR11          

        CLASS   SFR12          

        CLASS   SFR13          

        CLASS   SFR14          

        CLASS   SFR15          

        CLASS   SFR16          

        CLASS   SFR17          

        CLASS   SFR18          

        CLASS   SFR19          

        CLASS   SFR20          

        CLASS   SFR21          

        CLASS   SFR22          

        CLASS   SFR23          

        CLASS   SFR24          

        CLASS   SFR25          

        CLASS   SFR26          

        CLASS   SFR27          

        CLASS   SFR28          

        CLASS   SFR29          

        CLASS   SFR30          

        CLASS   SFR31          

        CLASS   CONFIG         
                config                             8007     8007        2         0

        CLASS   IDLOC          

        CLASS   EEDATA         

        CLASS   BANK31         

        CLASS   BANK30         

        CLASS   BANK29         

        CLASS   BANK28         

        CLASS   BANK27         

        CLASS   BANK26         

        CLASS   BANK25         

        CLASS   BANK24         

        CLASS   BANK23         

        CLASS   BANK22         

        CLASS   BANK21         

        CLASS   BANK20         

        CLASS   BANK19         

        CLASS   BANK18         

        CLASS   BANK17         

        CLASS   BANK16         

        CLASS   BANK15         

        CLASS   BANK14         

        CLASS   BANK13         

        CLASS   BANK12         

        CLASS   BANK11         

        CLASS   BANK10         

        CLASS   BANK9          

        CLASS   BANK8          

        CLASS   BANK7          



SEGMENTS        Name                           Load    Length   Top    Selector   Space  Class     Delta

                reset_vec                      000000  000002  000002         0       0  CODE        2
                intentry                       000004  0007FC  000800         8       0  CODE        2
                cstackBANK0                    000020  000050  000070        20       1  BANK0       1
                cstackCOMMON                   000070  00000E  00007E        70       1  COMMON      1
                bssBANK1                       0000A0  00004F  0000EF        A0       1  BANK1       1
                stringtext                     000800  000024  000824        10       0  STRCODE     2
                swtext1                        000824  00001C  000840      1048       0  CONST       2
                idataBANK0                     000DF6  000004  000DFA      1BEC       0  CODE        2
                clrtext                        000DFA  000006  000E00      1BF4       0  CODE        2
                text12                         000E00  000007  000E07      1C00       0  CODE        2
                text23                         000E07  00000A  000E11      1C0E       0  CODE        2
                text4                          000E11  00000E  000E1F      1C22       0  CODE        2
                text7                          000E1F  000012  000E31      1C3E       0  CODE        2
                text21                         000E31  000013  000E44      1C62       0  CODE        2
                text19                         000E44  000017  000E5B      1C88       0  CODE        2
                text26                         000E5B  00001E  000E79      1CB6       0  CODE        2
                text10                         000E79  00001E  000E97      1CF2       0  CODE        2
                text18                         000E97  000028  000EBF      1D2E       0  CODE        2
                text5                          000EBF  000030  000EEF      1D7E       0  CODE        2
                text3                          000EEF  000037  000F26      1DDE       0  CODE        2
                text9                          000F26  000041  000F67      1E4C       0  CODE        2
                text8                          000F67  000048  000FAF      1ECE       0  CODE        2
                text16                         000FAF  000051  001000      1F5E       0  CODE        2
                config                         008007  000002  008009     1000E       0  CONFIG      2


UNUSED ADDRESS RANGES

        Name                Unused          Largest block    Delta
        BANK1            000EF-000EF               1           1
        BANK2            00120-0016F              50           1
        BANK3            001A0-001EF              50           1
        BANK4            00220-0026F              50           1
        BANK5            002A0-002EF              50           1
        BANK6            00320-0032F              10           1
        BIGRAM           02000-021EF             1F0           1
        CODE             00002-00003               2           2
                         00840-00DF5             5B6
        CONST            00002-00003               2           2
                         00840-00DF5             100
        EEDATA           0F000-0F0FF             100           2
        ENTRY            00002-00003               2           2
                         00840-00DF5             100
        IDLOC            08000-08003               4           2
        RAM              000EF-000EF               1           1
                         00120-0016F              50
                         001A0-001EF              50
                         00220-0026F              50
                         002A0-002EF              50
                         00320-0032F              10
        SFR0             00000-0001F              20           1
        SFR1             00080-0009F              20           1
        SFR10            00500-0056F              70           1
        SFR11            00580-005EF              70           1
        SFR12            00600-0066F              70           1
        SFR13            00680-006EF              70           1
        SFR14            00700-0076F              70           1
        SFR15            00780-007EF              70           1
        SFR16            00800-0086F              70           1
        SFR17            00880-008EF              70           1
        SFR18            00900-0096F              70           1
        SFR19            00980-009EF              70           1
        SFR2             00100-0011F              20           1
        SFR20            00A00-00A6F              70           1
        SFR21            00A80-00AEF              70           1
        SFR22            00B00-00B6F              70           1
        SFR23            00B80-00BEF              70           1
        SFR24            00C00-00C6F              70           1
        SFR25            00C80-00CEF              70           1
        SFR26            00D00-00D6F              70           1
        SFR27            00D80-00DEF              70           1
        SFR28            00E00-00E6F              70           1
        SFR29            00E80-00EEF              70           1
        SFR3             00180-0019F              20           1
        SFR30            00F00-00F6F              70           1
        SFR31            00F80-00FEF              70           1
        SFR4             00200-0021F              20           1
        SFR5             00280-0029F              20           1
        SFR6             00300-0031F              20           1
        SFR7             00380-003EF              70           1
        SFR8             00400-0046F              70           1
        SFR9             00480-004EF              70           1
        STACK            0209F-021EF             151           1
        STRCODE          00002-00003               2           2
                         00840-00DF5             5B6
        STRING           00002-00003               2           2
                         00840-00DF5             100

                                  Symbol Table

?_CheckTick24Timer         cstackBANK0  00020
?_PWM_Counter              cstackBANK0  0002F
?_Tick24BitTimer           cstackBANK0  00020
?_Triac_Counter            cstackBANK0  0002F
?___awdiv                  cstackBANK0  00026
?___awmod                  cstackBANK0  00020
?___lldiv                  cstackBANK0  0002C
?___lmul                   cstackBANK0  00020
?___lwdiv                  cstackBANK0  00020
?___lwmod                  cstackBANK0  00028
?___wmul                   cstackBANK0  00020
?_adc_convert              cstackCOMMON 00070
?_sprintf                  cstackBANK0  0002F
CheckTick24Timer@timeout   cstackBANK0  00020
LCD_GoTo@P                 cstackBANK0  00026
LCD_Write@c                cstackBANK0  00023
LCD_WriteNumber@numstr     bssBANK1     000A0
LCD_WriteString@s          cstackBANK0  00028
PWM_Counter@invert         cstackBANK0  00031
PWM_Counter@speed          cstackBANK0  0002F
RHT_readByte@i             cstackBANK0  00026
RHT_readByte@mask          cstackBANK0  00029
RHT_readByte@out           cstackBANK0  00023
RHT_readByte@port          cstackBANK0  00020
RHT_readByte@tempBit       cstackBANK0  00024
RHT_readByte@tempByte      cstackBANK0  00025
RHT_readByte@timeout       cstackBANK0  00027
RHT_readData@checksum      cstackBANK0  0002E
RHT_readData@error         cstackBANK0  0002F
RHT_readData@i             cstackBANK0  00031
RHT_readData@port          cstackBANK0  00030
RHT_start@mask             cstackBANK0  00025
RHT_start@port             cstackBANK0  00022
RHT_start@timeout          cstackBANK0  00023
Tick24BitTimer@temp        cstackBANK0  00028
Tick24BitTimer@timer4      cstackBANK0  00020
Triac_Counter@maxCount     cstackBANK0  00031
Triac_Counter@speed        cstackBANK0  0002F
Triac_Counter@zeroDelay    cstackBANK0  00033
_ADCON0bits                (abs)        0009D
_ADCON1bits                (abs)        0009E
_ADCON2bits                (abs)        0009F
_ADC_intF                  dataBANK0    0006C
_ADRESH                    (abs)        0009C
_ADRESL                    (abs)        0009B
_ANSELAbits                (abs)        0018C
_ANSELBbits                (abs)        0018D
_CheckTick24Timer          text24       006D1
_INTCONbits                (abs)        0000B
_LATA                      (abs)        0010C
_LATAbits                  (abs)        0010C
_LATB                      (abs)        0010D
_LATBbits                  (abs)        0010D
_LATC                      (abs)        0010E
_LCD_Clear                 text21       00E31
_LCD_Clock                 text23       00E07
_LCD_GoTo                  text19       00E44
_LCD_Initialize            text20       00619
_LCD_Write                 text22       0045F
_LCD_WriteString           text18       00E97
_OPTION_REGbits            (abs)        00095
_OSCCONbits                (abs)        00099
_PORTA                     (abs)        0000C
_PORTB                     (abs)        0000D
_PORTC                     (abs)        0000E
_PORTCbits                 (abs)        0000E
_PWMCounter                bssBANK0     00056
_PWMDC                     dataBANK0    0006E
_PWM_Counter               text16       00FAF
_RHT_data                  bssBANK1     000EA
_RHT_readByte              text15       00503
_RHT_readData              text13       003B4
_RHT_start                 text14       00591
_SetClockSpeed             text12       00E00
_TMR0                      (abs)        00015
_TRISA                     (abs)        0008C
_TRISAbits                 (abs)        0008C
_TRISB                     (abs)        0008D
_TRISBbits                 (abs)        0008D
_TRISC                     (abs)        0008E
_Tick24BitTimer            text11       00677
_TriacDelay                bssBANK0     00058
_Triac_Counter             text9        00F26
_WPUA                      (abs)        0020C
_WPUB                      (abs)        0020D
_WPUC                      (abs)        0020E
__CFG_BOREN$OFF            (abs)        00000
__CFG_BORV$LO              (abs)        00000
__CFG_CLKOUTEN$OFF         (abs)        00000
__CFG_CP$OFF               (abs)        00000
__CFG_CPD$OFF              (abs)        00000
__CFG_FCMEN$ON             (abs)        00000
__CFG_FOSC$INTOSC          (abs)        00000
__CFG_IESO$OFF             (abs)        00000
__CFG_LPBOR$OFF            (abs)        00000
__CFG_LVP$ON               (abs)        00000
__CFG_MCLRE$ON             (abs)        00000
__CFG_PLLEN$OFF            (abs)        00000
__CFG_PWRTE$OFF            (abs)        00000
__CFG_STVREN$ON            (abs)        00000
__CFG_VCAPEN$OFF           (abs)        00000
__CFG_WDTE$OFF             (abs)        00000
__CFG_WRT$OFF              (abs)        00000
__Habs1                    abs1         00000
__Hbank0                   bank0        00000
__Hbank1                   bank1        00000
__Hbank10                  bank10       00000
__Hbank11                  bank11       00000
__Hbank12                  bank12       00000
__Hbank13                  bank13       00000
__Hbank14                  bank14       00000
__Hbank15                  bank15       00000
__Hbank16                  bank16       00000
__Hbank17                  bank17       00000
__Hbank18                  bank18       00000
__Hbank19                  bank19       00000
__Hbank2                   bank2        00000
__Hbank20                  bank20       00000
__Hbank21                  bank21       00000
__Hbank22                  bank22       00000
__Hbank23                  bank23       00000
__Hbank24                  bank24       00000
__Hbank25                  bank25       00000
__Hbank26                  bank26       00000
__Hbank27                  bank27       00000
__Hbank28                  bank28       00000
__Hbank29                  bank29       00000
__Hbank3                   bank3        00000
__Hbank30                  bank30       00000
__Hbank31                  bank31       00000
__Hbank4                   bank4        00000
__Hbank5                   bank5        00000
__Hbank6                   bank6        00000
__Hbank7                   bank7        00000
__Hbank8                   bank8        00000
__Hbank9                   bank9        00000
__Hbigram                  bigram       00000
__HbssBANK0                bssBANK0     00000
__HbssBANK1                bssBANK1     00000
__HbssCOMMON               bssCOMMON    00000
__Hcinit                   cinit        000D4
__Hclrtext                 clrtext      00000
__Hcode                    code         00000
__Hcommon                  common       00000
__Hconfig                  config       08009
__HcstackBANK0             cstackBANK0  00000
__HcstackCOMMON            cstackCOMMON 00000
__HdataBANK0               dataBANK0    00000
__Heeprom_data             eeprom_data  00000
__Hend_init                end_init     000AD
__Hfunctab                 functab      00000
__HidataBANK0              idataBANK0   00000
__Hidloc                   idloc        00000
__Hinit                    init         000AB
__Hintentry                intentry     000AB
__Hmaintext                maintext     00000
__Hpowerup                 powerup      00000
__Hram                     ram          00000
__Hreset_vec               reset_vec    00002
__Hsfr0                    sfr0         00000
__Hsfr1                    sfr1         00000
__Hsfr10                   sfr10        00000
__Hsfr11                   sfr11        00000
__Hsfr12                   sfr12        00000
__Hsfr13                   sfr13        00000
__Hsfr14                   sfr14        00000
__Hsfr15                   sfr15        00000
__Hsfr16                   sfr16        00000
__Hsfr17                   sfr17        00000
__Hsfr18                   sfr18        00000
__Hsfr19                   sfr19        00000
__Hsfr2                    sfr2         00000
__Hsfr20                   sfr20        00000
__Hsfr21                   sfr21        00000
__Hsfr22                   sfr22        00000
__Hsfr23                   sfr23        00000
__Hsfr24                   sfr24        00000
__Hsfr25                   sfr25        00000
__Hsfr26                   sfr26        00000
__Hsfr27                   sfr27        00000
__Hsfr28                   sfr28        00000
__Hsfr29                   sfr29        00000
__Hsfr3                    sfr3         00000
__Hsfr30                   sfr30        00000
__Hsfr31                   sfr31        00000
__Hsfr4                    sfr4         00000
__Hsfr5                    sfr5         00000
__Hsfr6                    sfr6         00000
__Hsfr7                    sfr7         00000
__Hsfr8                    sfr8         00000
__Hsfr9                    sfr9         00000
__Hspace_0                 (abs)        08009
__Hspace_1                 (abs)        000EF
__Hspace_2                 (abs)        00000
__Hspace_3                 (abs)        00000
__Hstack                   stack        00000
__Hstrings                 strings      00000
__Hstringtext              stringtext   00000
__Htext                    text         00000
__Labs1                    abs1         00000
__Lbank0                   bank0        00000
__Lbank1                   bank1        00000
__Lbank10                  bank10       00000
__Lbank11                  bank11       00000
__Lbank12                  bank12       00000
__Lbank13                  bank13       00000
__Lbank14                  bank14       00000
__Lbank15                  bank15       00000
__Lbank16                  bank16       00000
__Lbank17                  bank17       00000
__Lbank18                  bank18       00000
__Lbank19                  bank19       00000
__Lbank2                   bank2        00000
__Lbank20                  bank20       00000
__Lbank21                  bank21       00000
__Lbank22                  bank22       00000
__Lbank23                  bank23       00000
__Lbank24                  bank24       00000
__Lbank25                  bank25       00000
__Lbank26                  bank26       00000
__Lbank27                  bank27       00000
__Lbank28                  bank28       00000
__Lbank29                  bank29       00000
__Lbank3                   bank3        00000
__Lbank30                  bank30       00000
__Lbank31                  bank31       00000
__Lbank4                   bank4        00000
__Lbank5                   bank5        00000
__Lbank6                   bank6        00000
__Lbank7                   bank7        00000
__Lbank8                   bank8        00000
__Lbank9                   bank9        00000
__Lbigram                  bigram       00000
__LbssBANK0                bssBANK0     00000
__LbssBANK1                bssBANK1     00000
__LbssCOMMON               bssCOMMON    00000
__Lcinit                   cinit        000AD
__Lclrtext                 clrtext      00000
__Lcode                    code         00000
__Lcommon                  common       00000
__Lconfig                  config       08007
__LcstackBANK0             cstackBANK0  00000
__LcstackCOMMON            cstackCOMMON 00000
__LdataBANK0               dataBANK0    00000
__Leeprom_data             eeprom_data  00000
__Lend_init                end_init     000AB
__Lfunctab                 functab      00000
__LidataBANK0              idataBANK0   00000
__Lidloc                   idloc        00000
__Linit                    init         000AB
__Lintentry                intentry     00004
__Lmaintext                maintext     00000
__Lpowerup                 powerup      00000
__Lram                     ram          00000
__Lreset_vec               reset_vec    00000
__Lsfr0                    sfr0         00000
__Lsfr1                    sfr1         00000
__Lsfr10                   sfr10        00000
__Lsfr11                   sfr11        00000
__Lsfr12                   sfr12        00000
__Lsfr13                   sfr13        00000
__Lsfr14                   sfr14        00000
__Lsfr15                   sfr15        00000
__Lsfr16                   sfr16        00000
__Lsfr17                   sfr17        00000
__Lsfr18                   sfr18        00000
__Lsfr19                   sfr19        00000
__Lsfr2                    sfr2         00000
__Lsfr20                   sfr20        00000
__Lsfr21                   sfr21        00000
__Lsfr22                   sfr22        00000
__Lsfr23                   sfr23        00000
__Lsfr24                   sfr24        00000
__Lsfr25                   sfr25        00000
__Lsfr26                   sfr26        00000
__Lsfr27                   sfr27        00000
__Lsfr28                   sfr28        00000
__Lsfr29                   sfr29        00000
__Lsfr3                    sfr3         00000
__Lsfr30                   sfr30        00000
__Lsfr31                   sfr31        00000
__Lsfr4                    sfr4         00000
__Lsfr5                    sfr5         00000
__Lsfr6                    sfr6         00000
__Lsfr7                    sfr7         00000
__Lsfr8                    sfr8         00000
__Lsfr9                    sfr9         00000
__Lspace_0                 (abs)        00000
__Lspace_1                 (abs)        00000
__Lspace_2                 (abs)        00000
__Lspace_3                 (abs)        00000
__Lstack                   stack        00000
__Lstrings                 strings      00000
__Lstringtext              stringtext   00000
__Ltext                    text         00000
__S0                       (abs)        08009
__S1                       (abs)        000EF
__S2                       (abs)        00000
__S3                       (abs)        00000
___awdiv                   text17       0072A
___awdiv@counter           cstackBANK0  0002B
___awdiv@dividend          cstackBANK0  00028
___awdiv@divisor           cstackBANK0  00026
___awdiv@quotient          cstackBANK0  0002D
___awdiv@sign              cstackBANK0  0002C
___awmod                   text8        00F67
___awmod@counter           cstackBANK0  00025
___awmod@dividend          cstackBANK0  00022
___awmod@divisor           cstackBANK0  00020
___awmod@sign              cstackBANK0  00026
___bmul                    text7        00E1F
___bmul@multiplicand       cstackBANK0  00020
___bmul@multiplier         cstackBANK0  00023
___bmul@product            cstackBANK0  00022
___int_sp                  stack        00000
___latbits                 (abs)        00001
___lldiv                   text6        0077E
___lldiv@counter           cstackBANK0  00039
___lldiv@dividend          cstackBANK0  00030
___lldiv@divisor           cstackBANK0  0002C
___lldiv@quotient          cstackBANK0  00035
___lmul                    text5        00EBF
___lmul@multiplicand       cstackBANK0  00024
___lmul@multiplier         cstackBANK0  00020
___lmul@product            cstackBANK0  00028
___lwdiv                   text3        00EEF
___lwdiv@counter           cstackBANK0  00027
___lwdiv@dividend          cstackBANK0  00022
___lwdiv@divisor           cstackBANK0  00020
___lwdiv@quotient          cstackBANK0  00025
___lwmod                   text2        007D1
___lwmod@counter           cstackBANK0  0002D
___lwmod@dividend          cstackBANK0  0002A
___lwmod@divisor           cstackBANK0  00028
___sp                      stack        00000
___wmul                    text10       00E79
___wmul@multiplicand       cstackBANK0  00022
___wmul@multiplier         cstackBANK0  00020
___wmul@product            cstackBANK0  00024
__end_of_CheckTick24Timer  text24       0072A
__end_of_LCD_Clear         text21       00E44
__end_of_LCD_Clock         text23       00E11
__end_of_LCD_GoTo          text19       00E5B
__end_of_LCD_Initialize    text20       00677
__end_of_LCD_Write         text22       00503
__end_of_LCD_WriteString   text18       00EBF
__end_of_PWM_Counter       text16       01000
__end_of_RHT_readByte      text15       00591
__end_of_RHT_readData      text13       0045F
__end_of_RHT_start         text14       00619
__end_of_SetClockSpeed     text12       00E07
__end_of_Tick24BitTimer    text11       006D1
__end_of_Triac_Counter     text9        00F67
__end_of___awdiv           text17       0077E
__end_of___awmod           text8        00FAF
__end_of___bmul            text7        00E31
__end_of___lldiv           text6        007D1
__end_of___lmul            text5        00EEF
__end_of___lwdiv           text3        00F26
__end_of___lwmod           text2        00800
__end_of___wmul            text10       00E97
__end_of__initialization   cinit        000D0
__end_of__stringdata       stringtext   00824
__end_of_adc_convert       text26       00E79
__end_of_dpowers           stringtext   0080A
__end_of_init_adc          text4        00E1F
__end_of_main              maintext     002E1
__end_of_sprintf           text1        003B4
__end_of_tc_int            intentry     000AB
__initialization           cinit        000AD
__pbssBANK0                bssBANK0     00056
__pbssBANK1                bssBANK1     000A0
__pbssCOMMON               bssCOMMON    0007A
__pcstackBANK0             cstackBANK0  00020
__pcstackCOMMON            cstackCOMMON 00070
__pdataBANK0               dataBANK0    0006C
__pidataBANK0              idataBANK0   00DF6
__pintentry                intentry     00004
__pmaintext                maintext     000D4
__pstringtext              stringtext   00800
__pswtext1                 swtext1      00824
__pswtext2                 swtext2      00832
__ptext1                   text1        002E1
__ptext10                  text10       00E79
__ptext11                  text11       00677
__ptext12                  text12       00E00
__ptext13                  text13       003B4
__ptext14                  text14       00591
__ptext15                  text15       00503
__ptext16                  text16       00FAF
__ptext17                  text17       0072A
__ptext18                  text18       00E97
__ptext19                  text19       00E44
__ptext2                   text2        007D1
__ptext20                  text20       00619
__ptext21                  text21       00E31
__ptext22                  text22       0045F
__ptext23                  text23       00E07
__ptext24                  text24       006D1
__ptext26                  text26       00E5B
__ptext3                   text3        00EEF
__ptext4                   text4        00E11
__ptext5                   text5        00EBF
__ptext6                   text6        0077E
__ptext7                   text7        00E1F
__ptext8                   text8        00F67
__ptext9                   text9        00F26
__size_of_CheckTick24Timer (abs)        00000
__size_of_LCD_Clear        (abs)        00000
__size_of_LCD_Clock        (abs)        00000
__size_of_LCD_GoTo         (abs)        00000
__size_of_LCD_Initialize   (abs)        00000
__size_of_LCD_Write        (abs)        00000
__size_of_LCD_WriteString  (abs)        00000
__size_of_PWM_Counter      (abs)        00000
__size_of_RHT_readByte     (abs)        00000
__size_of_RHT_readData     (abs)        00000
__size_of_RHT_start        (abs)        00000
__size_of_SetClockSpeed    (abs)        00000
__size_of_Tick24BitTimer   (abs)        00000
__size_of_Triac_Counter    (abs)        00000
__size_of___awdiv          (abs)        00000
__size_of___awmod          (abs)        00000
__size_of___bmul           (abs)        00000
__size_of___lldiv          (abs)        00000
__size_of___lmul           (abs)        00000
__size_of___lwdiv          (abs)        00000
__size_of___lwmod          (abs)        00000
__size_of___wmul           (abs)        00000
__size_of_adc_convert      (abs)        00000
__size_of_init_adc         (abs)        00000
__size_of_main             (abs)        00000
__size_of_sprintf          (abs)        00000
__size_of_tc_int           (abs)        00000
__stringdata               stringtext   0080A
_adc_convert               text26       00E5B
_dpowers                   stringtext   00800
_fanspeed                  bssBANK1     000C6
_init_adc                  text4        00E11
_ledFlashTimer             bssBANK1     000BA
_main                      maintext     000D4
_potDivider                bssBANK1     000BE
_rh                        bssBANK1     000AA
_rhString                  bssBANK1     000CA
_sens                      bssBANK0     0005C
_sensorReadTimer           bssBANK1     000C2
_sprintf                   text1        002E1
_tc_int                    intentry     00004
_temp                      bssBANK1     000B2
_tempString                bssBANK1     000DA
_tick_us1                  bssCOMMON    0007A
_timer24overflow           bssBANK1     000C8
_triacCounter              bssBANK0     0005A
adc_convert@notSigned      cstackCOMMON 00072
adc_convert@pChannel       cstackCOMMON 00070
adc_convert@temp           cstackCOMMON 00074
btemp                      (abs)        0007E
clear_ram0                 clrtext      00DFA
end_of_initialization      cinit        000D0
intlevel0                  functab      00000
intlevel1                  functab      00000
intlevel2                  functab      00000
intlevel3                  functab      00000
intlevel4                  functab      00000
intlevel5                  functab      00000
ltemp                      (abs)        0007E
ltemp0                     (abs)        0007E
ltemp1                     (abs)        00082
ltemp2                     (abs)        00086
ltemp3                     (abs)        00080
main@ADCDelay              cstackBANK0  00047
main@error                 cstackBANK0  00054
main@error_counter         cstackBANK0  0004B
main@i                     cstackBANK0  00045
main@sensorDelay           cstackBANK0  0004D
main@sensorPort            cstackBANK0  00055
main@sensor_er_no          cstackBANK0  00051
main@speed                 cstackBANK0  00052
pic14e$flags               (abs)        0007E
reset_vec                  reset_vec    00000
sprintf@_val               cstackBANK0  0003C
sprintf@ap                 cstackBANK0  00039
sprintf@c                  cstackBANK0  00041
sprintf@f                  cstackBANK0  0002F
sprintf@flag               cstackBANK0  0003A
sprintf@prec               cstackBANK0  0003B
sprintf@sp                 cstackBANK0  00040
stackhi                    (abs)        021EF
stacklo                    (abs)        0209F
start                      init         000AB
start_initialization       cinit        000AD
ttemp                      (abs)        0007E
ttemp0                     (abs)        0007E
ttemp1                     (abs)        00081
ttemp2                     (abs)        00084
ttemp3                     (abs)        00087
ttemp4                     (abs)        0007F
wtemp                      (abs)        0007E
wtemp0                     (abs)        0007E
wtemp1                     (abs)        00080
wtemp2                     (abs)        00082
wtemp3                     (abs)        00084
wtemp4                     (abs)        00086
wtemp5                     (abs)        00088
wtemp6                     (abs)        0007F


FUNCTION INFORMATION:

 *************** function _main *****************
 Defined at:
		line 75 in file "main.c"
 Parameters:    Size  Location     Type
		None
 Auto vars:     Size  Location     Type
  sensorDelay     4   45[BANK0 ] unsigned long 
  ADCDelay        4   39[BANK0 ] unsigned long 
  speed           2   50[BANK0 ] int 
  error_counte    2   43[BANK0 ] unsigned int 
  i               2   37[BANK0 ] unsigned int 
  sensorPort      1   53[BANK0 ] unsigned char 
  error           1   52[BANK0 ] enum E4931
  sensor_er_no    1   49[BANK0 ] unsigned char 
 Return value:  Size  Location     Type
                  2   92[COMMON] int 
 Registers used:
		wreg, fsr0l, fsr0h, fsr1l, fsr1h, status,2, status,0, pclath, cstack
 Tracked objects:
		On entry : 
		On exit  : 
		Unchanged: 
 Data sizes:     COMMON   BANK0   BANK1   BANK2   BANK3   BANK4   BANK5   BANK6
      Params:         0       0       0       0       0       0       0       0
      Locals:         0      17       0       0       0       0       0       0
      Temps:          0       3       0       0       0       0       0       0
      Totals:         0      20       0       0       0       0       0       0
Total ram usage:       20 bytes
 Hardware stack levels required when called:    6
 This function calls:
		_CheckTick24Timer
		_LCD_Clear
		_LCD_Initialize
		_LCD_WriteString
		_PWM_Counter
		_RHT_readData
		_SetClockSpeed
		_Tick24BitTimer
		_Triac_Counter
		___awdiv
		___awmod
		___bmul
		___lldiv
		___lmul
		___wmul
		_init_adc
		_sprintf
 This function is called by:
		Startup code after reset
 This function uses a non-reentrant model


 *************** function _sprintf *****************
 Defined at:
		line 492 in file "C:\Program Files\Microchip\xc8\v1.32\sources\common\doprnt.c"
 Parameters:    Size  Location     Type
  sp              1    wreg     PTR unsigned char 
		 -> tempString(16), rhString(16), 
  f               2   15[BANK0 ] PTR const unsigned char 
		 -> STR_3(6), STR_2(13), STR_1(7), 
 Auto vars:     Size  Location     Type
  sp              1   32[BANK0 ] PTR unsigned char 
		 -> tempString(16), rhString(16), 
  _val            4   28[BANK0 ] struct .
  c               1   33[BANK0 ] char 
  prec            1   27[BANK0 ] char 
  flag            1   26[BANK0 ] unsigned char 
  ap              1   25[BANK0 ] PTR void [1]
		 -> ?_sprintf(2), 
 Return value:  Size  Location     Type
                  2   15[BANK0 ] int 
 Registers used:
		wreg, fsr0l, fsr0h, fsr1l, fsr1h, status,2, status,0, pclath, cstack
 Tracked objects:
		On entry : 
		On exit  : 
		Unchanged: 
 Data sizes:     COMMON   BANK0   BANK1   BANK2   BANK3   BANK4   BANK5   BANK6
      Params:         0       6       0       0       0       0       0       0
      Locals:         0       9       0       0       0       0       0       0
      Temps:          0       4       0       0       0       0       0       0
      Totals:         0      19       0       0       0       0       0       0
Total ram usage:       19 bytes
 Hardware stack levels used:    1
 Hardware stack levels required when called:    3
 This function calls:
		___lwdiv
		___lwmod
 This function is called by:
		_main
 This function uses a non-reentrant model


 *************** function ___lwmod *****************
 Defined at:
		line 6 in file "C:\Program Files\Microchip\xc8\v1.32\sources\common\lwmod.c"
 Parameters:    Size  Location     Type
  divisor         2    8[BANK0 ] unsigned int 
  dividend        2   10[BANK0 ] unsigned int 
 Auto vars:     Size  Location     Type
  counter         1   13[BANK0 ] unsigned char 
 Return value:  Size  Location     Type
                  2    8[BANK0 ] unsigned int 
 Registers used:
		wreg, status,2, status,0
 Tracked objects:
		On entry : 
		On exit  : 
		Unchanged: 
 Data sizes:     COMMON   BANK0   BANK1   BANK2   BANK3   BANK4   BANK5   BANK6
      Params:         0       4       0       0       0       0       0       0
      Locals:         0       1       0       0       0       0       0       0
      Temps:          0       1       0       0       0       0       0       0
      Totals:         0       6       0       0       0       0       0       0
Total ram usage:        6 bytes
 Hardware stack levels used:    1
 Hardware stack levels required when called:    2
 This function calls:
		Nothing
 This function is called by:
		_sprintf
 This function uses a non-reentrant model


 *************** function ___lwdiv *****************
 Defined at:
		line 6 in file "C:\Program Files\Microchip\xc8\v1.32\sources\common\lwdiv.c"
 Parameters:    Size  Location     Type
  divisor         2    0[BANK0 ] unsigned int 
  dividend        2    2[BANK0 ] unsigned int 
 Auto vars:     Size  Location     Type
  quotient        2    5[BANK0 ] unsigned int 
  counter         1    7[BANK0 ] unsigned char 
 Return value:  Size  Location     Type
                  2    0[BANK0 ] unsigned int 
 Registers used:
		wreg, status,2, status,0
 Tracked objects:
		On entry : 
		On exit  : 
		Unchanged: 
 Data sizes:     COMMON   BANK0   BANK1   BANK2   BANK3   BANK4   BANK5   BANK6
      Params:         0       4       0       0       0       0       0       0
      Locals:         0       3       0       0       0       0       0       0
      Temps:          0       1       0       0       0       0       0       0
      Totals:         0       8       0       0       0       0       0       0
Total ram usage:        8 bytes
 Hardware stack levels used:    1
 Hardware stack levels required when called:    2
 This function calls:
		Nothing
 This function is called by:
		_sprintf
 This function uses a non-reentrant model


 *************** function _init_adc *****************
 Defined at:
		line 12 in file "NB_ADC.c"
 Parameters:    Size  Location     Type
		None
 Auto vars:     Size  Location     Type
		None
 Return value:  Size  Location     Type
		None               void
 Registers used:
		wreg, status,2, status,0
 Tracked objects:
		On entry : 
		On exit  : 
		Unchanged: 
 Data sizes:     COMMON   BANK0   BANK1   BANK2   BANK3   BANK4   BANK5   BANK6
      Params:         0       0       0       0       0       0       0       0
      Locals:         0       0       0       0       0       0       0       0
      Temps:          0       0       0       0       0       0       0       0
      Totals:         0       0       0       0       0       0       0       0
Total ram usage:        0 bytes
 Hardware stack levels used:    1
 Hardware stack levels required when called:    2
 This function calls:
		Nothing
 This function is called by:
		_main
 This function uses a non-reentrant model


 *************** function ___lmul *****************
 Defined at:
		line 15 in file "C:\Program Files\Microchip\xc8\v1.32\sources\common\Umul32.c"
 Parameters:    Size  Location     Type
  multiplier      4    0[BANK0 ] unsigned long 
  multiplicand    4    4[BANK0 ] unsigned long 
 Auto vars:     Size  Location     Type
  product         4    8[BANK0 ] unsigned long 
 Return value:  Size  Location     Type
                  4    0[BANK0 ] unsigned long 
 Registers used:
		wreg, status,2, status,0
 Tracked objects:
		On entry : 
		On exit  : 
		Unchanged: 
 Data sizes:     COMMON   BANK0   BANK1   BANK2   BANK3   BANK4   BANK5   BANK6
      Params:         0       8       0       0       0       0       0       0
      Locals:         0       4       0       0       0       0       0       0
      Temps:          0       0       0       0       0       0       0       0
      Totals:         0      12       0       0       0       0       0       0
Total ram usage:       12 bytes
 Hardware stack levels used:    1
 Hardware stack levels required when called:    2
 This function calls:
		Nothing
 This function is called by:
		_main
 This function uses a non-reentrant model


 *************** function ___lldiv *****************
 Defined at:
		line 6 in file "C:\Program Files\Microchip\xc8\v1.32\sources\common\lldiv.c"
 Parameters:    Size  Location     Type
  divisor         4   12[BANK0 ] unsigned long 
  dividend        4   16[BANK0 ] unsigned long 
 Auto vars:     Size  Location     Type
  quotient        4   21[BANK0 ] unsigned long 
  counter         1   25[BANK0 ] unsigned char 
 Return value:  Size  Location     Type
                  4   12[BANK0 ] unsigned long 
 Registers used:
		wreg, status,2, status,0
 Tracked objects:
		On entry : 
		On exit  : 
		Unchanged: 
 Data sizes:     COMMON   BANK0   BANK1   BANK2   BANK3   BANK4   BANK5   BANK6
      Params:         0       8       0       0       0       0       0       0
      Locals:         0       5       0       0       0       0       0       0
      Temps:          0       1       0       0       0       0       0       0
      Totals:         0      14       0       0       0       0       0       0
Total ram usage:       14 bytes
 Hardware stack levels used:    1
 Hardware stack levels required when called:    2
 This function calls:
		Nothing
 This function is called by:
		_main
		_LCD_WriteNumber
 This function uses a non-reentrant model


 *************** function ___bmul *****************
 Defined at:
		line 4 in file "C:\Program Files\Microchip\xc8\v1.32\sources\common\Umul8.c"
 Parameters:    Size  Location     Type
  multiplier      1    wreg     unsigned char 
  multiplicand    1    0[BANK0 ] unsigned char 
 Auto vars:     Size  Location     Type
  multiplier      1    3[BANK0 ] unsigned char 
  product         1    2[BANK0 ] unsigned char 
 Return value:  Size  Location     Type
                  1    wreg      unsigned char 
 Registers used:
		wreg, status,2, status,0
 Tracked objects:
		On entry : 
		On exit  : 
		Unchanged: 
 Data sizes:     COMMON   BANK0   BANK1   BANK2   BANK3   BANK4   BANK5   BANK6
      Params:         0       1       0       0       0       0       0       0
      Locals:         0       2       0       0       0       0       0       0
      Temps:          0       1       0       0       0       0       0       0
      Totals:         0       4       0       0       0       0       0       0
Total ram usage:        4 bytes
 Hardware stack levels used:    1
 Hardware stack levels required when called:    2
 This function calls:
		Nothing
 This function is called by:
		_main
 This function uses a non-reentrant model


 *************** function ___awmod *****************
 Defined at:
		line 6 in file "C:\Program Files\Microchip\xc8\v1.32\sources\common\awmod.c"
 Parameters:    Size  Location     Type
  divisor         2    0[BANK0 ] int 
  dividend        2    2[BANK0 ] int 
 Auto vars:     Size  Location     Type
  sign            1    6[BANK0 ] unsigned char 
  counter         1    5[BANK0 ] unsigned char 
 Return value:  Size  Location     Type
                  2    0[BANK0 ] int 
 Registers used:
		wreg, status,2, status,0
 Tracked objects:
		On entry : 
		On exit  : 
		Unchanged: 
 Data sizes:     COMMON   BANK0   BANK1   BANK2   BANK3   BANK4   BANK5   BANK6
      Params:         0       4       0       0       0       0       0       0
      Locals:         0       2       0       0       0       0       0       0
      Temps:          0       1       0       0       0       0       0       0
      Totals:         0       7       0       0       0       0       0       0
Total ram usage:        7 bytes
 Hardware stack levels used:    1
 Hardware stack levels required when called:    2
 This function calls:
		Nothing
 This function is called by:
		_main
 This function uses a non-reentrant model


 *************** function _Triac_Counter *****************
 Defined at:
		line 22 in file "NB_fans.c"
 Parameters:    Size  Location     Type
  speed           2   15[BANK0 ] int 
  maxCount        2   17[BANK0 ] int 
  zeroDelay       2   19[BANK0 ] int 
 Auto vars:     Size  Location     Type
		None
 Return value:  Size  Location     Type
                  2   15[BANK0 ] int 
 Registers used:
		wreg, status,2, status,0, pclath, cstack
 Tracked objects:
		On entry : 
		On exit  : 
		Unchanged: 
 Data sizes:     COMMON   BANK0   BANK1   BANK2   BANK3   BANK4   BANK5   BANK6
      Params:         0       6       0       0       0       0       0       0
      Locals:         0       0       0       0       0       0       0       0
      Temps:          0       2       0       0       0       0       0       0
      Totals:         0       8       0       0       0       0       0       0
Total ram usage:        8 bytes
 Hardware stack levels used:    1
 Hardware stack levels required when called:    3
 This function calls:
		___awdiv
		___wmul
 This function is called by:
		_main
 This function uses a non-reentrant model


 *************** function ___wmul *****************
 Defined at:
		line 15 in file "C:\Program Files\Microchip\xc8\v1.32\sources\common\Umul16.c"
 Parameters:    Size  Location     Type
  multiplier      2    0[BANK0 ] unsigned int 
  multiplicand    2    2[BANK0 ] unsigned int 
 Auto vars:     Size  Location     Type
  product         2    4[BANK0 ] unsigned int 
 Return value:  Size  Location     Type
                  2    0[BANK0 ] unsigned int 
 Registers used:
		wreg, status,2, status,0
 Tracked objects:
		On entry : 
		On exit  : 
		Unchanged: 
 Data sizes:     COMMON   BANK0   BANK1   BANK2   BANK3   BANK4   BANK5   BANK6
      Params:         0       4       0       0       0       0       0       0
      Locals:         0       2       0       0       0       0       0       0
      Temps:          0       0       0       0       0       0       0       0
      Totals:         0       6       0       0       0       0       0       0
Total ram usage:        6 bytes
 Hardware stack levels used:    1
 Hardware stack levels required when called:    2
 This function calls:
		Nothing
 This function is called by:
		_main
		_Triac_Counter
 This function uses a non-reentrant model


 *************** function _Tick24BitTimer *****************
 Defined at:
		line 30 in file "NB_Time.c"
 Parameters:    Size  Location     Type
  timer4          4    0[BANK0 ] unsigned long 
 Auto vars:     Size  Location     Type
  temp            4    8[BANK0 ] unsigned long 
 Return value:  Size  Location     Type
                  4    0[BANK0 ] unsigned long 
 Registers used:
		wreg
 Tracked objects:
		On entry : 
		On exit  : 
		Unchanged: 
 Data sizes:     COMMON   BANK0   BANK1   BANK2   BANK3   BANK4   BANK5   BANK6
      Params:         0       4       0       0       0       0       0       0
      Locals:         0       4       0       0       0       0       0       0
      Temps:          0       4       0       0       0       0       0       0
      Totals:         0      12       0       0       0       0       0       0
Total ram usage:       12 bytes
 Hardware stack levels used:    1
 Hardware stack levels required when called:    2
 This function calls:
		Nothing
 This function is called by:
		_main
		_RHT05Init
		_CheckSensorStatus
 This function uses a non-reentrant model


 *************** function _SetClockSpeed *****************
 Defined at:
		line 15 in file "NB_Time.c"
 Parameters:    Size  Location     Type
		None
 Auto vars:     Size  Location     Type
		None
 Return value:  Size  Location     Type
		None               void
 Registers used:
		wreg, status,2, status,0
 Tracked objects:
		On entry : 
		On exit  : 
		Unchanged: 
 Data sizes:     COMMON   BANK0   BANK1   BANK2   BANK3   BANK4   BANK5   BANK6
      Params:         0       0       0       0       0       0       0       0
      Locals:         0       0       0       0       0       0       0       0
      Temps:          0       0       0       0       0       0       0       0
      Totals:         0       0       0       0       0       0       0       0
Total ram usage:        0 bytes
 Hardware stack levels used:    1
 Hardware stack levels required when called:    2
 This function calls:
		Nothing
 This function is called by:
		_main
 This function uses a non-reentrant model


 *************** function _RHT_readData *****************
 Defined at:
		line 129 in file "rht03.c"
 Parameters:    Size  Location     Type
  port            1    wreg     unsigned char 
 Auto vars:     Size  Location     Type
  port            1   16[BANK0 ] unsigned char 
  i               2   17[BANK0 ] int 
  error           1   15[BANK0 ] enum E4722
  checksum        1   14[BANK0 ] unsigned char 
 Return value:  Size  Location     Type
                  1    wreg      enum E4931
 Registers used:
		wreg, fsr0l, fsr0h, fsr1l, fsr1h, status,2, status,0, pclath, cstack
 Tracked objects:
		On entry : 
		On exit  : 
		Unchanged: 
 Data sizes:     COMMON   BANK0   BANK1   BANK2   BANK3   BANK4   BANK5   BANK6
      Params:         0       0       0       0       0       0       0       0
      Locals:         0       5       0       0       0       0       0       0
      Temps:          0       3       0       0       0       0       0       0
      Totals:         0       8       0       0       0       0       0       0
Total ram usage:        8 bytes
 Hardware stack levels used:    1
 Hardware stack levels required when called:    3
 This function calls:
		_RHT_readByte
		_RHT_start
 This function is called by:
		_main
 This function uses a non-reentrant model


 *************** function _RHT_start *****************
 Defined at:
		line 26 in file "rht03.c"
 Parameters:    Size  Location     Type
  port            1    wreg     unsigned char 
 Auto vars:     Size  Location     Type
  port            1    2[BANK0 ] unsigned char 
  mask            2    5[BANK0 ] int 
  timeout         2    3[BANK0 ] int 
 Return value:  Size  Location     Type
                  1    wreg      enum E4722
 Registers used:
		wreg, fsr0l, fsr0h, status,2, status,0
 Tracked objects:
		On entry : 
		On exit  : 
		Unchanged: 
 Data sizes:     COMMON   BANK0   BANK1   BANK2   BANK3   BANK4   BANK5   BANK6
      Params:         0       0       0       0       0       0       0       0
      Locals:         0       5       0       0       0       0       0       0
      Temps:          0       2       0       0       0       0       0       0
      Totals:         0       7       0       0       0       0       0       0
Total ram usage:        7 bytes
 Hardware stack levels used:    1
 Hardware stack levels required when called:    2
 This function calls:
		Nothing
 This function is called by:
		_RHT_readData
 This function uses a non-reentrant model


 *************** function _RHT_readByte *****************
 Defined at:
		line 75 in file "rht03.c"
 Parameters:    Size  Location     Type
  out             1    wreg     PTR unsigned char 
		 -> RHT_data(5), 
  port            1    0[BANK0 ] unsigned char 
 Auto vars:     Size  Location     Type
  out             1    3[BANK0 ] PTR unsigned char 
		 -> RHT_data(5), 
  mask            2    9[BANK0 ] int 
  timeout         2    7[BANK0 ] int 
  i               1    6[BANK0 ] unsigned char 
  tempByte        1    5[BANK0 ] unsigned char 
  tempBit         1    4[BANK0 ] unsigned char 
 Return value:  Size  Location     Type
                  1    wreg      enum E4722
 Registers used:
		wreg, fsr0l, fsr0h, fsr1l, fsr1h, status,2, status,0
 Tracked objects:
		On entry : 
		On exit  : 
		Unchanged: 
 Data sizes:     COMMON   BANK0   BANK1   BANK2   BANK3   BANK4   BANK5   BANK6
      Params:         0       1       0       0       0       0       0       0
      Locals:         0       8       0       0       0       0       0       0
      Temps:          0       2       0       0       0       0       0       0
      Totals:         0      11       0       0       0       0       0       0
Total ram usage:       11 bytes
 Hardware stack levels used:    1
 Hardware stack levels required when called:    2
 This function calls:
		Nothing
 This function is called by:
		_RHT_readData
 This function uses a non-reentrant model


 *************** function _PWM_Counter *****************
 Defined at:
		line 35 in file "NB_fans.c"
 Parameters:    Size  Location     Type
  speed           2   15[BANK0 ] int 
  invert          2   17[BANK0 ] int 
 Auto vars:     Size  Location     Type
		None
 Return value:  Size  Location     Type
                  2   15[BANK0 ] int 
 Registers used:
		wreg, status,2, status,0, pclath, cstack
 Tracked objects:
		On entry : 
		On exit  : 
		Unchanged: 
 Data sizes:     COMMON   BANK0   BANK1   BANK2   BANK3   BANK4   BANK5   BANK6
      Params:         0       4       0       0       0       0       0       0
      Locals:         0       0       0       0       0       0       0       0
      Temps:          0       2       0       0       0       0       0       0
      Totals:         0       6       0       0       0       0       0       0
Total ram usage:        6 bytes
 Hardware stack levels used:    1
 Hardware stack levels required when called:    3
 This function calls:
		___awdiv
 This function is called by:
		_main
 This function uses a non-reentrant model


 *************** function ___awdiv *****************
 Defined at:
		line 6 in file "C:\Program Files\Microchip\xc8\v1.32\sources\common\awdiv.c"
 Parameters:    Size  Location     Type
  divisor         2    6[BANK0 ] int 
  dividend        2    8[BANK0 ] int 
 Auto vars:     Size  Location     Type
  quotient        2   13[BANK0 ] int 
  sign            1   12[BANK0 ] unsigned char 
  counter         1   11[BANK0 ] unsigned char 
 Return value:  Size  Location     Type
                  2    6[BANK0 ] int 
 Registers used:
		wreg, status,2, status,0
 Tracked objects:
		On entry : 
		On exit  : 
		Unchanged: 
 Data sizes:     COMMON   BANK0   BANK1   BANK2   BANK3   BANK4   BANK5   BANK6
      Params:         0       4       0       0       0       0       0       0
      Locals:         0       4       0       0       0       0       0       0
      Temps:          0       1       0       0       0       0       0       0
      Totals:         0       9       0       0       0       0       0       0
Total ram usage:        9 bytes
 Hardware stack levels used:    1
 Hardware stack levels required when called:    2
 This function calls:
		Nothing
 This function is called by:
		_main
		_Triac_Counter
		_PWM_Counter
 This function uses a non-reentrant model


 *************** function _LCD_WriteString *****************
 Defined at:
		line 113 in file "HD44780.c"
 Parameters:    Size  Location     Type
  s               1    wreg     PTR const unsigned char 
		 -> tempString(16), rhString(16), 
 Auto vars:     Size  Location     Type
  s               1    8[BANK0 ] PTR const unsigned char 
		 -> tempString(16), rhString(16), 
 Return value:  Size  Location     Type
		None               void
 Registers used:
		wreg, fsr1l, fsr1h, status,2, status,0, pclath, cstack
 Tracked objects:
		On entry : 
		On exit  : 
		Unchanged: 
 Data sizes:     COMMON   BANK0   BANK1   BANK2   BANK3   BANK4   BANK5   BANK6
      Params:         0       0       0       0       0       0       0       0
      Locals:         0       1       0       0       0       0       0       0
      Temps:          0       1       0       0       0       0       0       0
      Totals:         0       2       0       0       0       0       0       0
Total ram usage:        2 bytes
 Hardware stack levels used:    1
 Hardware stack levels required when called:    5
 This function calls:
		_LCD_GoTo
		_LCD_Write
 This function is called by:
		_main
 This function uses a non-reentrant model


 *************** function _LCD_GoTo *****************
 Defined at:
		line 138 in file "HD44780.c"
 Parameters:    Size  Location     Type
  P               1    wreg     unsigned char 
 Auto vars:     Size  Location     Type
  P               1    6[BANK0 ] unsigned char 
 Return value:  Size  Location     Type
		None               void
 Registers used:
		wreg, status,2, status,0, pclath, cstack
 Tracked objects:
		On entry : 
		On exit  : 
		Unchanged: 
 Data sizes:     COMMON   BANK0   BANK1   BANK2   BANK3   BANK4   BANK5   BANK6
      Params:         0       0       0       0       0       0       0       0
      Locals:         0       1       0       0       0       0       0       0
      Temps:          0       2       0       0       0       0       0       0
      Totals:         0       3       0       0       0       0       0       0
Total ram usage:        3 bytes
 Hardware stack levels used:    1
 Hardware stack levels required when called:    4
 This function calls:
		_LCD_Write
 This function is called by:
		_LCD_WriteString
 This function uses a non-reentrant model


 *************** function _LCD_Initialize *****************
 Defined at:
		line 29 in file "HD44780.c"
 Parameters:    Size  Location     Type
		None
 Auto vars:     Size  Location     Type
		None
 Return value:  Size  Location     Type
		None               void
 Registers used:
		wreg, status,2, status,0, pclath, cstack
 Tracked objects:
		On entry : 
		On exit  : 
		Unchanged: 
 Data sizes:     COMMON   BANK0   BANK1   BANK2   BANK3   BANK4   BANK5   BANK6
      Params:         0       0       0       0       0       0       0       0
      Locals:         0       0       0       0       0       0       0       0
      Temps:          0       2       0       0       0       0       0       0
      Totals:         0       2       0       0       0       0       0       0
Total ram usage:        2 bytes
 Hardware stack levels used:    1
 Hardware stack levels required when called:    4
 This function calls:
		_LCD_Clock
		_LCD_Write
 This function is called by:
		_main
 This function uses a non-reentrant model


 *************** function _LCD_Clear *****************
 Defined at:
		line 124 in file "HD44780.c"
 Parameters:    Size  Location     Type
		None
 Auto vars:     Size  Location     Type
		None
 Return value:  Size  Location     Type
		None               void
 Registers used:
		wreg, status,2, status,0, pclath, cstack
 Tracked objects:
		On entry : 
		On exit  : 
		Unchanged: 
 Data sizes:     COMMON   BANK0   BANK1   BANK2   BANK3   BANK4   BANK5   BANK6
      Params:         0       0       0       0       0       0       0       0
      Locals:         0       0       0       0       0       0       0       0
      Temps:          0       2       0       0       0       0       0       0
      Totals:         0       2       0       0       0       0       0       0
Total ram usage:        2 bytes
 Hardware stack levels used:    1
 Hardware stack levels required when called:    4
 This function calls:
		_LCD_Write
 This function is called by:
		_main
 This function uses a non-reentrant model


 *************** function _LCD_Write *****************
 Defined at:
		line 13 in file "HD44780.c"
 Parameters:    Size  Location     Type
  c               1    wreg     unsigned char 
 Auto vars:     Size  Location     Type
  c               1    3[BANK0 ] unsigned char 
 Return value:  Size  Location     Type
		None               void
 Registers used:
		wreg, status,2, status,0, pclath, cstack
 Tracked objects:
		On entry : 
		On exit  : 
		Unchanged: 
 Data sizes:     COMMON   BANK0   BANK1   BANK2   BANK3   BANK4   BANK5   BANK6
      Params:         0       0       0       0       0       0       0       0
      Locals:         0       1       0       0       0       0       0       0
      Temps:          0       2       0       0       0       0       0       0
      Totals:         0       3       0       0       0       0       0       0
Total ram usage:        3 bytes
 Hardware stack levels used:    1
 Hardware stack levels required when called:    3
 This function calls:
		_LCD_Clock
 This function is called by:
		_LCD_Initialize
		_LCD_WriteString
		_LCD_Clear
		_LCD_GoTo
		_LCD_WriteNumber
		_LCD_Home
 This function uses a non-reentrant model


 *************** function _LCD_Clock *****************
 Defined at:
		line 7 in file "HD44780.c"
 Parameters:    Size  Location     Type
		None
 Auto vars:     Size  Location     Type
		None
 Return value:  Size  Location     Type
		None               void
 Registers used:
		wreg
 Tracked objects:
		On entry : 
		On exit  : 
		Unchanged: 
 Data sizes:     COMMON   BANK0   BANK1   BANK2   BANK3   BANK4   BANK5   BANK6
      Params:         0       0       0       0       0       0       0       0
      Locals:         0       0       0       0       0       0       0       0
      Temps:          0       1       0       0       0       0       0       0
      Totals:         0       1       0       0       0       0       0       0
Total ram usage:        1 bytes
 Hardware stack levels used:    1
 Hardware stack levels required when called:    2
 This function calls:
		Nothing
 This function is called by:
		_LCD_Write
		_LCD_Initialize
 This function uses a non-reentrant model


 *************** function _CheckTick24Timer *****************
 Defined at:
		line 53 in file "NB_Time.c"
 Parameters:    Size  Location     Type
  timeout         4    0[BANK0 ] unsigned long 
 Auto vars:     Size  Location     Type
		None
 Return value:  Size  Location     Type
                  2    0[BANK0 ] unsigned int 
 Registers used:
		wreg, status,2
 Tracked objects:
		On entry : 
		On exit  : 
		Unchanged: 
 Data sizes:     COMMON   BANK0   BANK1   BANK2   BANK3   BANK4   BANK5   BANK6
      Params:         0       4       0       0       0       0       0       0
      Locals:         0       0       0       0       0       0       0       0
      Temps:          0       8       0       0       0       0       0       0
      Totals:         0      12       0       0       0       0       0       0
Total ram usage:       12 bytes
 Hardware stack levels used:    1
 Hardware stack levels required when called:    2
 This function calls:
		Nothing
 This function is called by:
		_main
		_CheckSensorStatus
 This function uses a non-reentrant model


 *************** function _tc_int *****************
 Defined at:
		line 260 in file "main.c"
 Parameters:    Size  Location     Type
		None
 Auto vars:     Size  Location     Type
		None
 Return value:  Size  Location     Type
		None               void
 Registers used:
		wreg, status,2, status,0, pclath, cstack
 Tracked objects:
		On entry : 
		On exit  : 
		Unchanged: 
 Data sizes:     COMMON   BANK0   BANK1   BANK2   BANK3   BANK4   BANK5   BANK6
      Params:         0       0       0       0       0       0       0       0
      Locals:         0       0       0       0       0       0       0       0
      Temps:          5       0       0       0       0       0       0       0
      Totals:         5       0       0       0       0       0       0       0
Total ram usage:        5 bytes
 Hardware stack levels used:    1
 Hardware stack levels required when called:    1
 This function calls:
		_adc_convert
 This function is called by:
		Interrupt level 1
 This function uses a non-reentrant model


 *************** function _adc_convert *****************
 Defined at:
		line 26 in file "NB_ADC.c"
 Parameters:    Size  Location     Type
  pChannel        2    0[COMMON] unsigned short 
  notSigned       1    2[COMMON] unsigned char 
 Auto vars:     Size  Location     Type
  temp            1    4[COMMON] unsigned char 
 Return value:  Size  Location     Type
                  2    0[COMMON] unsigned short 
 Registers used:
		wreg, status,2, status,0
 Tracked objects:
		On entry : 
		On exit  : 
		Unchanged: 
 Data sizes:     COMMON   BANK0   BANK1   BANK2   BANK3   BANK4   BANK5   BANK6
      Params:         3       0       0       0       0       0       0       0
      Locals:         1       0       0       0       0       0       0       0
      Temps:          1       0       0       0       0       0       0       0
      Totals:         5       0       0       0       0       0       0       0
Total ram usage:        5 bytes
 Hardware stack levels used:    1
 This function calls:
		Nothing
 This function is called by:
		_tc_int
 This function uses a non-reentrant model



MODULE INFORMATION

Module		Function		Class		Link	Load	Size
HD44780.c
		_LCD_Initialize		CODE           	0619	0000	94
		_LCD_WriteStrin		CODE           	0E97	0000	40
		_LCD_Clock     		CODE           	0E07	0000	10
		_LCD_Clear     		CODE           	0E31	0000	19
		_LCD_GoTo      		CODE           	0E44	0000	23
		_LCD_Write     		CODE           	045F	0000	164

HD44780.c estimated size: 350

NB_Time.c
		_CheckTick24Tim		CODE           	06D1	0000	89
		_Tick24BitTimer		CODE           	0677	0000	90
		_SetClockSpeed 		CODE           	0E00	0000	7

NB_Time.c estimated size: 186

C:\Program Files\Microchip\xc8\v1.32\sources\common\Umul16.c
		___wmul        		CODE           	0E79	0000	30

C:\Program Files\Microchip\xc8\v1.32\sources\common\Umul16.c estimated size: 30

C:\Program Files\Microchip\xc8\v1.32\sources\common\lwdiv.c
		___lwdiv       		CODE           	0EEF	0000	55

C:\Program Files\Microchip\xc8\v1.32\sources\common\lwdiv.c estimated size: 55

C:\Program Files\Microchip\xc8\v1.32\sources\common\awdiv.c
		___awdiv       		CODE           	072A	0000	84

C:\Program Files\Microchip\xc8\v1.32\sources\common\awdiv.c estimated size: 84

C:\Program Files\Microchip\xc8\v1.32\sources\common\lldiv.c
		___lldiv       		CODE           	077E	0000	83

C:\Program Files\Microchip\xc8\v1.32\sources\common\lldiv.c estimated size: 83

C:\Program Files\Microchip\xc8\v1.32\sources\common\Umul8.c
		___bmul        		CODE           	0E1F	0000	18

C:\Program Files\Microchip\xc8\v1.32\sources\common\Umul8.c estimated size: 18

rht03.c
		_RHT_readData  		CODE           	03B4	0000	171
		_RHT_readByte  		CODE           	0503	0000	142
		_RHT_start     		CODE           	0591	0000	136

rht03.c estimated size: 449

C:\Program Files\Microchip\xc8\v1.32\sources\common\Umul32.c
		___lmul        		CODE           	0EBF	0000	48

C:\Program Files\Microchip\xc8\v1.32\sources\common\Umul32.c estimated size: 48

shared
		__stringdata   		STRCODE        	080A	0000	26
		_dpowers       		STRCODE        	0800	0000	10
		__initializatio		CODE           	00AD	0000	35

shared estimated size: 71

C:\Program Files\Microchip\xc8\v1.32\sources\common\doprnt.c
		_sprintf       		CODE           	02E1	0000	211

C:\Program Files\Microchip\xc8\v1.32\sources\common\doprnt.c estimated size: 211

C:\Program Files\Microchip\xc8\v1.32\sources\common\lwmod.c
		___lwmod       		CODE           	07D1	0000	47

C:\Program Files\Microchip\xc8\v1.32\sources\common\lwmod.c estimated size: 47

C:\Program Files\Microchip\xc8\v1.32\sources\common\awmod.c
		___awmod       		CODE           	0F67	0000	72

C:\Program Files\Microchip\xc8\v1.32\sources\common\awmod.c estimated size: 72

NB_fans.c
		_Triac_Counter 		CODE           	0F26	0000	65
		_PWM_Counter   		CODE           	0FAF	0000	81

NB_fans.c estimated size: 146

main.c
		_main          		CODE           	00D4	0000	525
		_tc_int        		CODE           	0004	0000	167

main.c estimated size: 692

NB_ADC.c
		_init_adc      		CODE           	0E11	0000	14
		_adc_convert   		CODE           	0E5B	0000	30

NB_ADC.c estimated size: 44

